// Jest Snapshot v1, https://goo.gl/fbAQLP

exports[`render Footer component 1`] = `ShallowWrapper {}`;
