// Jest Snapshot v1, https://goo.gl/fbAQLP

exports[`Header component renders Header component 1`] = `ShallowWrapper {}`;
