// Jest Snapshot v1, https://goo.gl/fbAQLP

exports[`Success Component renders Success component without errors 1`] = `ShallowWrapper {}`;
